Flow report for tetris_cpu
Mon Aug 17 16:33:31 2026
Quartus Prime Version 25.1std.0 Build 1129 10/21/2025 SC Lite Edition


---------------------
; Table of Contents ;
---------------------
  1. Legal Notice
  2. Flow Summary
  3. Flow Settings
  4. Flow Non-Default Global Settings
  5. Flow Elapsed Time
  6. Flow OS Summary
  7. Flow Log
  8. Flow Messages
  9. Flow Suppressed Messages



----------------
; Legal Notice ;
----------------
Copyright (C) 2025  Altera Corporation. All rights reserved.
Your use of Altera Corporation's design tools, logic functions 
and other software and tools, and any partner logic 
functions, and any output files from any of the foregoing 
(including device programming or simulation files), and any 
associated documentation or information are expressly subject 
to the terms and conditions of the Altera Program License 
Subscription Agreement, the Altera Quartus Prime License Agreement,
the Altera IP License Agreement, or other applicable license
agreement, including, without limitation, that your use is for
the sole purpose of programming logic devices manufactured by
Altera and sold by Altera or its authorized distributors.  Please
refer to the Altera Software License Subscription Agreements 
on the Quartus Prime software download page.



+-------------------------------------------------------------------------------+
; Flow Summary                                                                  ;
+-----------------------------+-------------------------------------------------+
; Flow Status                 ; Successful - Mon Aug 17 16:33:31 2026           ;
; Quartus Prime Version       ; 25.1std.0 Build 1129 10/21/2025 SC Lite Edition ;
; Revision Name               ; tetris_cpu                                      ;
; Top-level Entity Name       ; tetris_cpu                                      ;
; Family                      ; Cyclone V                                       ;
; Device                      ; 5CEBA4F23C7                                     ;
; Timing Models               ; Final                                           ;
; Logic utilization (in ALMs) ; N/A until Partition Merge                       ;
; Total registers             ; N/A until Partition Merge                       ;
; Total pins                  ; N/A until Partition Merge                       ;
; Total virtual pins          ; N/A until Partition Merge                       ;
; Total block memory bits     ; N/A until Partition Merge                       ;
; Total PLLs                  ; N/A until Partition Merge                       ;
; Total DLLs                  ; N/A until Partition Merge                       ;
+-----------------------------+-------------------------------------------------+


+-----------------------------------------+
; Flow Settings                           ;
+-------------------+---------------------+
; Option            ; Setting             ;
+-------------------+---------------------+
; Start date & time ; 08/17/2026 16:33:20 ;
; Main task         ; Compilation         ;
; Revision Name     ; tetris_cpu          ;
+-------------------+---------------------+


+------------------------------------------------------------------------------------------------------------------------------------------------+
; Flow Non-Default Global Settings                                                                                                               ;
+-------------------------------------+----------------------------------------+---------------+-------------+-----------------------------------+
; Assignment Name                     ; Value                                  ; Default Value ; Entity Name ; Section Id                        ;
+-------------------------------------+----------------------------------------+---------------+-------------+-----------------------------------+
; COMPILER_SIGNATURE_ID               ; 345052807176.178697720001776           ; --            ; --          ; --                                ;
; EDA_GENERATE_FUNCTIONAL_NETLIST     ; Off                                    ; --            ; --          ; eda_board_design_timing           ;
; EDA_GENERATE_FUNCTIONAL_NETLIST     ; Off                                    ; --            ; --          ; eda_board_design_boundary_scan    ;
; EDA_GENERATE_FUNCTIONAL_NETLIST     ; Off                                    ; --            ; --          ; eda_board_design_signal_integrity ;
; EDA_GENERATE_FUNCTIONAL_NETLIST     ; Off                                    ; --            ; --          ; eda_board_design_symbol           ;
; EDA_OUTPUT_DATA_FORMAT              ; Verilog Hdl                            ; --            ; --          ; eda_simulation                    ;
; EDA_SIMULATION_TOOL                 ; Questa Altera FPGA (Verilog)           ; <None>        ; --          ; --                                ;
; EDA_TIME_SCALE                      ; 1 ps                                   ; --            ; --          ; eda_simulation                    ;
; MAX_CORE_JUNCTION_TEMP              ; 85                                     ; --            ; --          ; --                                ;
; MIN_CORE_JUNCTION_TEMP              ; 0                                      ; --            ; --          ; --                                ;
; MISC_FILE                           ; alu_adder.bsf                          ; --            ; --          ; --                                ;
; MISC_FILE                           ; alu_adder_inst.vhd                     ; --            ; --          ; --                                ;
; MISC_FILE                           ; alu_adder.cmp                          ; --            ; --          ; --                                ;
; MISC_FILE                           ; alu_compare.bsf                        ; --            ; --          ; --                                ;
; MISC_FILE                           ; alu_compare_inst.vhd                   ; --            ; --          ; --                                ;
; MISC_FILE                           ; alu_compare.cmp                        ; --            ; --          ; --                                ;
; MISC_FILE                           ; alu_mux.bsf                            ; --            ; --          ; --                                ;
; MISC_FILE                           ; alu_mux_inst.vhd                       ; --            ; --          ; --                                ;
; MISC_FILE                           ; alu_mux.cmp                            ; --            ; --          ; --                                ;
; MISC_FILE                           ; reg_mem_a.bsf                          ; --            ; --          ; --                                ;
; MISC_FILE                           ; reg_mem_a_inst.vhd                     ; --            ; --          ; --                                ;
; MISC_FILE                           ; reg_mem_a.cmp                          ; --            ; --          ; --                                ;
; MISC_FILE                           ; pc_register.bsf                        ; --            ; --          ; --                                ;
; MISC_FILE                           ; pc_register_inst.vhd                   ; --            ; --          ; --                                ;
; MISC_FILE                           ; pc_register.cmp                        ; --            ; --          ; --                                ;
; MISC_FILE                           ; instruction_rom.bsf                    ; --            ; --          ; --                                ;
; MISC_FILE                           ; instruction_rom_inst.vhd               ; --            ; --          ; --                                ;
; MISC_FILE                           ; instruction_rom.cmp                    ; --            ; --          ; --                                ;
; MISC_FILE                           ; control_rom.bsf                        ; --            ; --          ; --                                ;
; MISC_FILE                           ; control_rom_inst.vhd                   ; --            ; --          ; --                                ;
; MISC_FILE                           ; control_rom.cmp                        ; --            ; --          ; --                                ;
; MISC_FILE                           ; alu_src_mux_ip.bsf                     ; --            ; --          ; --                                ;
; MISC_FILE                           ; alu_src_mux_ip_inst.vhd                ; --            ; --          ; --                                ;
; MISC_FILE                           ; alu_src_mux_ip.cmp                     ; --            ; --          ; --                                ;
; MISC_FILE                           ; data_ram.bsf                           ; --            ; --          ; --                                ;
; MISC_FILE                           ; data_ram_inst.vhd                      ; --            ; --          ; --                                ;
; MISC_FILE                           ; data_ram.cmp                           ; --            ; --          ; --                                ;
; PARTITION_COLOR                     ; -- (Not supported for targeted family) ; --            ; --          ; Top                               ;
; PARTITION_FITTER_PRESERVATION_LEVEL ; -- (Not supported for targeted family) ; --            ; --          ; Top                               ;
; PARTITION_NETLIST_TYPE              ; -- (Not supported for targeted family) ; --            ; --          ; Top                               ;
; PROJECT_OUTPUT_DIRECTORY            ; output_files                           ; --            ; --          ; --                                ;
+-------------------------------------+----------------------------------------+---------------+-------------+-----------------------------------+


+----------------------------------------------------------------------------------------------------------------------------+
; Flow Elapsed Time                                                                                                          ;
+------------------------+--------------+-------------------------+---------------------+------------------------------------+
; Module Name            ; Elapsed Time ; Average Processors Used ; Peak Virtual Memory ; Total CPU Time (on all processors) ;
+------------------------+--------------+-------------------------+---------------------+------------------------------------+
; Analysis & Elaboration ; 00:00:11     ; 1.0                     ; 4912 MB             ; 00:00:20                           ;
; Total                  ; 00:00:11     ; --                      ; --                  ; 00:00:20                           ;
+------------------------+--------------+-------------------------+---------------------+------------------------------------+


+--------------------------------------------------------------------------------------+
; Flow OS Summary                                                                      ;
+------------------------+------------------+------------+------------+----------------+
; Module Name            ; Machine Hostname ; OS Name    ; OS Version ; Processor type ;
+------------------------+------------------+------------+------------+----------------+
; Analysis & Elaboration ; ThinkPadX9-15    ; Windows 10 ; 10.0       ; x86_64         ;
+------------------------+------------------+------------+------------+----------------+


------------
; Flow Log ;
------------
quartus_map --read_settings_files=on --write_settings_files=off tetris_cpu -c tetris_cpu --analysis_and_elaboration



